[backblue.gif]
[fade.gif]
[index.html]
[www.quirksmode.org/quirksmode.js]
[www.quirksmode.org/js/contents.html]
[www.quirksmode.org/pix/header_bg.gif]
[www.quirksmode.org/pix/header_arrow.gif]
[www.quirksmode.org/pix/menu_link_bg.gif]
[www.quirksmode.org/pix/menu_link_bg_here.gif]
[www.quirksmode.org/pix/menu_mainHeader_bg.gif]
[www.quirksmode.org/pix/menu_subHeader_bg.gif]
[www.quirksmode.org/pix/menu_subHeader_bg_open.gif]
[www.quirksmode.org/pix/menu_mainHeader_bg_open.gif]
[www.quirksmode.org/pix/footer_bg.gif]
[www.quirksmode.org/quirksmode.css]
[www.quirksmode.org/home.html]
[www.quirksmode.org/nedstat.js]
[www.quirksmode.org/js/intro.html]
[www.quirksmode.org/js/special.js]
[www.quirksmode.org/js/placejs.html]
[www.quirksmode.org/js/support.html]
[www.quirksmode.org/js/state.html]
[www.quirksmode.org/js/function.html]
[www.quirksmode.org/js/strings.html]
[www.quirksmode.org/js/boolean.html]
[www.quirksmode.org/js/associative.html]
[www.quirksmode.org/js/this.html]
[www.quirksmode.org/js/popup.html]
[www.quirksmode.org/js/detect.html]
[www.quirksmode.org/js/cookies.html]
[www.quirksmode.org/js/introevents.html]
[www.quirksmode.org/js/events_events.html]
[www.quirksmode.org/js/events_early.html]
[www.quirksmode.org/js/events_tradmod.html]
[www.quirksmode.org/js/events_advanced.html]
[www.quirksmode.org/js/events_access.html]
[www.quirksmode.org/js/events_properties.html]
[www.quirksmode.org/js/events_order.html]
[www.quirksmode.org/js/events_mouse.html]
[www.quirksmode.org/js/events_compinfo.html]
[www.quirksmode.org/js/pix/mo_home.gif]
[www.quirksmode.org/js/pix/mo_place.gif]
[www.quirksmode.org/js/events_pairs.html]
[www.quirksmode.org/js/keys.html]
[www.quirksmode.org/js/eventSimple.html]
[www.quirksmode.org/js/forms.html]
[www.quirksmode.org/js/formex.html]
[www.quirksmode.org/js/dom0.html]
[www.quirksmode.org/js/findpos.html]
[www.quirksmode.org/pix/logo_quirksmode.gif]
[www.quirksmode.org/js/opacity.html]
[www.quirksmode.org/pix/dragdrop_startXY.gif]
[www.quirksmode.org/pix/dragdrop_initialMouse.gif]
[www.quirksmode.org/pix/dragdrop_dXY.gif]
[www.quirksmode.org/pix/dragdrop_keyMove.gif]
[www.quirksmode.org/js/dragdrop.html]
[www.quirksmode.org/nav.txt]
[www.quirksmode.org/js/navigation.html]
[www.quirksmode.org/js/xmlhttp.html]
[www.quirksmode.org/js/framebust.html]
[www.quirksmode.org/js/croswin.html]
[www.quirksmode.org/js/frameintro.html]
[www.quirksmode.org/js/popupex.html]
[www.quirksmode.org/js/js.html]
[www.quirksmode.org/js/introdate.html]
[www.quirksmode.org/js/introdh.html]
[www.quirksmode.org/js/eventexample.html]
[www.quirksmode.org/js/mouseov.html]
[www.quirksmode.org/dom/intro.html]
[www.quirksmode.org/dom/contents.html]
[www.quirksmode.org/dom/list.html]
[www.quirksmode.org/dom/w3c_css.html]
[www.quirksmode.org/pix/book.jpg]
[www.quirksmode.org/dom/w3c_events.html]
[www.quirksmode.org/dom/innerhtml.html]
[www.quirksmode.org/dom/classchange.html]
[www.quirksmode.org/dom/importxml.html]
[www.quirksmode.org/dom/cms.html]
[www.quirksmode.org/dom/getstyles.html]
[www.quirksmode.org/dom/changess.html]
[www.quirksmode.org/dom/toc.html]
[www.quirksmode.org/dom/pix/fir_assumptionsd41d.gif]
[www.quirksmode.org/dom/fir.html]
[www.quirksmode.org/dom/3column.html]
[www.quirksmode.org/dom/maxlength.html]
[www.quirksmode.org/dom/usableforms.js]
[www.quirksmode.org/dom/getElementsByTagNames.html]
[www.quirksmode.org/dom/usableforms_15.js]
[www.quirksmode.org/dom/usableforms_10.js]
[www.quirksmode.org/dom/usableforms.html]
[www.quirksmode.org/dom/domform.html]
[www.quirksmode.org/dom/error.html]
[www.quirksmode.org/dom/pix/input_boxes.gif]
[www.quirksmode.org/dom/pix/button_select.gif]
[www.quirksmode.org/dom/pix/filefields.gif]
[www.quirksmode.org/dom/pix/filefields_nn4.gif]
[www.quirksmode.org/dom/pix/filefields_ie4.gif]
[www.quirksmode.org/dom/pix/filefields_nn3.gif]
[www.quirksmode.org/dom/inputfile.html]
[www.quirksmode.org/dom/w3c_cssOld.html]
[www.quirksmode.org/dom/tests/testscripts.js]
[www.quirksmode.org/dom/tests/style.html]
[www.quirksmode.org/dom/tests/stylesheet.html]
[www.quirksmode.org/dom/tests/addrules.html]
[www.quirksmode.org/dom/tests/cssProps.html]
[www.quirksmode.org/dom/tests/cssMisc.html]
[www.quirksmode.org/js/events/targets.html]
[www.quirksmode.org/dom/w3c_cssom.html]
[www.quirksmode.org/js/events/eventtests.js]
[www.quirksmode.org/js/events/keys.html]
[www.quirksmode.org/js/events/button.html]
[www.quirksmode.org/js/events/detail.html]
[www.quirksmode.org/js/events/timestamp.html]
[www.quirksmode.org/js/events/wheelDelta.html]
[www.quirksmode.org/js/events/registration.html]
[www.quirksmode.org/dom/innerhtml_old.html]
[www.quirksmode.org/dom/test.css]
[www.quirksmode.org/dom/tests/stylesheets.html]
[www.quirksmode.org/dom/tests/stylesheet_change.html]
[www.quirksmode.org/dom/tests/teststyles.css]
[www.quirksmode.org/dom/tests/teststyleSheet.css]
[www.quirksmode.org/dom/tests/windowview.html]
[www.quirksmode.org/dom/tests/screenview.html]
[www.quirksmode.org/pix/logo_ppk.gif]
[www.quirksmode.org/dom/tests/elementfrompoint.html]
[www.quirksmode.org/dom/tests/rectangles.html]
[www.quirksmode.org/dom/tests/scrollintoview.html]
[www.quirksmode.org/dom/tests/elementdimensions.html]
[www.quirksmode.org/dom/tests/offset.html]
[www.quirksmode.org/js/events/eventtests.css]
[www.quirksmode.org/dom/tests/specialstyle.css]
[www.quirksmode.org/dom/tests/importtest.css]
[www.quirksmode.org/js/oldstyles.css]
[www.quirksmode.org/dom/tests/testImport.css]
[www.quirksmode.org/dom/tests/intro.html]
[www.quirksmode.org/dom/tests/import.css]
[www.quirksmode.org/js/pix/ppklogo.html]
